../Core/Src/main.c:98:5:main	8	static
../Core/Src/main.c:191:6:SystemClock_Config	88	static
../Core/Src/main.c:233:13:MX_TIM6_Init	16	static
../Core/Src/main.c:271:13:MX_TIM7_Init	16	static
../Core/Src/main.c:309:13:MX_TIM11_Init	40	static
../Core/Src/main.c:355:13:MX_GPIO_Init	40	static
../Core/Src/main.c:397:6:HAL_GPIO_EXTI_Callback	16	static
../Core/Src/main.c:406:6:HAL_TIM_PeriodElapsedCallback	32	static
../Core/Src/main.c:458:10:init	4	static
../Core/Src/main.c:461:10:idle	4	static
../Core/Src/main.c:466:10:db	4	static
../Core/Src/main.c:475:10:k1	4	static
../Core/Src/main.c:478:10:k2	4	static
../Core/Src/main.c:481:10:tau	4	static
../Core/Src/main.c:491:6:Error_Handler	4	static,ignoring_inline_asm
