../Core/Src/main.c:100:5:main	8	static
../Core/Src/main.c:194:6:SystemClock_Config	88	static
../Core/Src/main.c:241:13:MX_TIM6_Init	16	static
../Core/Src/main.c:279:13:MX_TIM7_Init	16	static
../Core/Src/main.c:317:13:MX_TIM11_Init	40	static
../Core/Src/main.c:363:13:MX_GPIO_Init	40	static
../Core/Src/main.c:408:6:HAL_GPIO_EXTI_Callback	16	static
../Core/Src/main.c:434:6:HAL_TIM_PeriodElapsedCallback	32	static
../Core/Src/main.c:486:10:init	4	static
../Core/Src/main.c:489:10:idle	4	static
../Core/Src/main.c:494:10:db	4	static
../Core/Src/main.c:503:10:k1	4	static
../Core/Src/main.c:506:10:k2	4	static
../Core/Src/main.c:509:10:tau	4	static
../Core/Src/main.c:519:6:Error_Handler	4	static,ignoring_inline_asm
