../Core/Src/main.c:116:5:main	8	static
../Core/Src/main.c:230:6:SystemClock_Config	88	static
../Core/Src/main.c:277:13:MX_TIM6_Init	16	static
../Core/Src/main.c:315:13:MX_TIM7_Init	16	static
../Core/Src/main.c:353:13:MX_TIM11_Init	40	static
../Core/Src/main.c:399:13:MX_GPIO_Init	40	static
../Core/Src/main.c:463:6:HAL_GPIO_EXTI_Callback	16	static
../Core/Src/main.c:495:6:HAL_TIM_PeriodElapsedCallback	16	static
../Core/Src/main.c:591:6:setDir	16	static
../Core/Src/main.c:600:6:setDuty	16	static
../Core/Src/main.c:604:6:setTs	16	static
../Core/Src/main.c:608:6:Vout2PWM	16	static
../Core/Src/main.c:634:6:Error_Handler	4	static,ignoring_inline_asm
