../Core/Src/main.c:128:5:main	8	static
../Core/Src/main.c:256:6:SystemClock_Config	88	static
../Core/Src/main.c:303:13:MX_TIM6_Init	16	static
../Core/Src/main.c:341:13:MX_TIM7_Init	16	static
../Core/Src/main.c:379:13:MX_TIM11_Init	40	static
../Core/Src/main.c:425:13:MX_GPIO_Init	40	static
../Core/Src/main.c:489:6:HAL_GPIO_EXTI_Callback	16	static
../Core/Src/main.c:521:6:HAL_TIM_PeriodElapsedCallback	32	static
../Core/Src/main.c:659:6:setDir	16	static
../Core/Src/main.c:668:6:setDuty	16	static
../Core/Src/main.c:672:6:setTs	16	static
../Core/Src/main.c:676:6:Vout2PWM	16	static
../Core/Src/main.c:711:6:Error_Handler	4	static,ignoring_inline_asm
